Git interview Questions:
- cherry pic
    - first create a directory
    - add touch {1,2,3}.txt
    - git add .
    - git status
    - git commit -m "from master"
    - git checkout -b feature
    - cat > 4.txt(add some content)
    - git log --oneline
    - copy the sha (head)
    - git checkout master
    - git cherry_pick <paste sha>
    
---
❯ cd git_cherry_pic
❯ git init .
Initialized empty Git repository in /home/maanya/Downloads/other_github/git_cherry_pic/.git/
❯ touch {1,2,3}.txt
❯ git add .
❯ git status
On branch master

No commits yet

Changes to be committed:
  (use "git rm --cached <file>..." to unstage)
	new file:   1.txt
	new file:   2.txt
	new file:   3.txt

❯ git commit -m "from master"
[master (root-commit) 25b77d0] from master
 3 files changed, 0 insertions(+), 0 deletions(-)
 create mode 100644 1.txt
 create mode 100644 2.txt
 create mode 100644 3.txt

❯ git checkout -b feature
Switched to a new branch 'feature'
❯ ls
1.txt  2.txt  3.txt
❯ cat > 4.txt
this is from feature
❯ git add .
❯ git status
On branch feature
Changes to be committed:
  (use "git restore --staged <file>..." to unstage)
	new file:   4.txt

❯ git commit -m "from feature"
[feature 5e949fb] from feature
 1 file changed, 1 insertion(+)
 create mode 100644 4.txt
